{
  "Id": "11111111-1111-1111-1111-111111111111",
  "CoverPage": {
    "Title": "Chapter",
    "Children": [
      {
        "VariableName": "text_question_222222222222222222",
        "QuestionText": "Question Text test",
        "Id": "22222222-2222-2222-2222-222222222222",
        "Type": "TextQuestion"
      }
    ],
    "Id": "bd622324-807b-4598-a092-b2a43307de7b",
    "Type": "CoverPage"
  },
  "Title": "New Questionnaire",
  "VariableName": "Q"
}